<frozen runpy>:128: RuntimeWarning: 'src.training.trainer' found in sys.modules after import of package 'src.training', but prior to execution of 'src.training.trainer'; this may result in unpredictable behaviour
/home/jimwell/miniconda3/envs/fluid-twin/lib/python3.11/site-packages/escnn/group/groups/so3group.py:20: UserWarning: `py3nj` package not found! Will use a numerical method to compute the SO(3) Clebsh-Gordan coefficents. This is much slower but the coefficients will be cached on disk.
  warnings.warn("`py3nj` package not found! Will use a numerical method to compute the SO(3) Clebsh-Gordan coefficents. This is much slower but the coefficients will be cached on disk.")
Epoch   10 | train=0.1212 | val=0.1252
Epoch   20 | train=0.0687 | val=0.0707
Epoch   30 | train=0.0536 | val=0.0564
Epoch   40 | train=0.0468 | val=0.0506
Epoch   50 | train=0.0423 | val=0.0447
Epoch   60 | train=0.0401 | val=0.0437
Epoch   70 | train=0.0369 | val=0.0396
Epoch   80 | train=0.0381 | val=0.0412
Epoch   90 | train=0.0345 | val=0.0381
Epoch  100 | train=0.0333 | val=0.0373
Epoch  110 | train=0.0313 | val=0.0334
Epoch  120 | train=0.0308 | val=0.0327
Epoch  130 | train=0.0294 | val=0.0322
Epoch  140 | train=0.0307 | val=0.0327
Epoch  150 | train=0.0319 | val=0.0336
Epoch  160 | train=0.0300 | val=0.0321
Epoch  170 | train=0.0282 | val=0.0301
Epoch  180 | train=0.0286 | val=0.0319
Epoch  190 | train=0.0291 | val=0.0288
Epoch  200 | train=0.0292 | val=0.0333
Training complete. Best val loss: 0.0281
Checkpoint: models/equivariant_fno/best.pt
